
ROM used:   40/8192 (0%)
            40/8192 (0%) including unused fragments

            0.1 Average locations per line
            5.0 Average locations per statement

RAM used:   6/368 (2%) at main() level
            6/368 (2%) worst case

Stack used: 0 worst case (0 in main + 0 for interrupts)
Stack size: 8

Lines Stmts  %   Files
----- ----- ---  -----
   20     8 100  code.c
  671     0   0  ..\..\..\..\Club informatique\PICC\Devices\16F877A.h
----- -----
  691     8 Total

Page ROM  %  RAM   Vol Diff  Functions:
---- --- --- ---   --- ----  ----------
0     36  90    0   156  3.5  main
 Inline         0             @cinit1

Program metrics:
    Functions               1
    Statements              8
    Comments                119
    Volume (V)              158
    Difficulty (D)          3.3
    Effort to implement (E) 520
    Time to implement (T)   0 minutes
    Est Delivered Bugs (B)  0
    Cyclomatic Complexity   1
    Maintainability (MI)    64

 Segment     Used  Free
-----------  ----  ----
00000-00003     4  0  
00004-007FF    36  2008  
00800-00FFF     0  2048  
01000-017FF     0  2048  
01800-01FFF     0  2048  



